[0.016s] Invoking command in '/home/student26/fra333_ws/build/my_first_package': /usr/bin/cmake /home/student26/fra333_ws/src/FRA333_Week2 -DCMAKE_INSTALL_PREFIX=/home/student26/fra333_ws/install/my_first_package
[0.034s] -- Found rosidl_default_generators: 1.0.1 (/opt/ros/foxy/share/rosidl_default_generators/cmake)
[0.034s] -- Found ament_cmake_core: 0.9.9 (/opt/ros/foxy/share/ament_cmake_core/cmake)
[0.059s] -- Found PythonInterp: /usr/bin/python3 (found suitable version "3.8.10", minimum required is "3") 
[0.059s] -- Using PYTHON_EXECUTABLE: /usr/bin/python3
[0.218s] -- Override CMake install command with custom implementation using symlinks instead of copying resources
[0.222s] -- Using all available rosidl_typesupport_c: rosidl_typesupport_fastrtps_c;rosidl_typesupport_introspection_c
[0.226s] -- Found rosidl_adapter: 1.2.1 (/opt/ros/foxy/share/rosidl_adapter/cmake)
[0.360s] -- Using all available rosidl_typesupport_cpp: rosidl_typesupport_fastrtps_cpp;rosidl_typesupport_introspection_cpp
[0.380s] -- Found geometry_msgs: 2.0.5 (/opt/ros/foxy/share/geometry_msgs/cmake)
[0.444s] -- Found rclcpp: 2.4.1 (/opt/ros/foxy/share/rclcpp/cmake)
[0.479s] -- Found rmw_implementation_cmake: 1.0.3 (/opt/ros/foxy/share/rmw_implementation_cmake/cmake)
[0.481s] -- Using RMW implementation 'rmw_fastrtps_cpp' as default
[0.606s] -- Found rclpy: 1.0.8 (/opt/ros/foxy/share/rclpy/cmake)
[0.634s] -- Found PythonInterp: /usr/bin/python3 (found version "3.8.10") 
[0.756s] Error parsing '/home/student26/fra333_ws/src/FRA333_Week2/package.xml':
[0.858s] Traceback (most recent call last):
[0.858s]   File "/usr/lib/python3/dist-packages/catkin_pkg/package.py", line 610, in parse_package_string
[0.858s]     root = dom.parseString(data)
[0.858s]   File "/usr/lib/python3.8/xml/dom/minidom.py", line 1969, in parseString
[0.858s]     return expatbuilder.parseString(string)
[0.859s]   File "/usr/lib/python3.8/xml/dom/expatbuilder.py", line 925, in parseString
[0.859s]     return builder.parseString(string)
[0.859s]   File "/usr/lib/python3.8/xml/dom/expatbuilder.py", line 223, in parseString
[0.859s]     parser.Parse(string, True)
[0.859s] xml.parsers.expat.ExpatError: mismatched tag: line 22, column 46
[0.859s] 
[0.859s] During handling of the above exception, another exception occurred:
[0.859s] 
[0.859s] Traceback (most recent call last):
[0.859s]   File "/opt/ros/foxy/share/ament_cmake_core/cmake/core/package_xml_2_cmake.py", line 143, in <module>
[0.859s]     main()
[0.859s]   File "/opt/ros/foxy/share/ament_cmake_core/cmake/core/package_xml_2_cmake.py", line 52, in main
[0.859s]     raise e
[0.859s]   File "/opt/ros/foxy/share/ament_cmake_core/cmake/core/package_xml_2_cmake.py", line 48, in main
[0.859s]     package = parse_package_string(
[0.860s]   File "/usr/lib/python3/dist-packages/catkin_pkg/package.py", line 612, in parse_package_string
[0.860s]     raise InvalidPackage('The manifest contains invalid XML:\n%s' % ex, filename)
[0.860s] catkin_pkg.package.InvalidPackage: Error(s) in package '/home/student26/fra333_ws/src/FRA333_Week2/package.xml':
[0.860s] The manifest contains invalid XML:
[0.860s] mismatched tag: line 22, column 46
[0.880s] CMake Error at /opt/ros/foxy/share/ament_cmake_core/cmake/core/ament_package_xml.cmake:94 (message):
[0.881s]   execute_process(/usr/bin/python3
[0.881s]   /opt/ros/foxy/share/ament_cmake_core/cmake/core/package_xml_2_cmake.py
[0.881s]   /home/student26/fra333_ws/src/FRA333_Week2/package.xml
[0.881s]   /home/student26/fra333_ws/build/my_first_package/ament_cmake_core/package.cmake)
[0.881s]   returned error code 1
[0.881s] Call Stack (most recent call first):
[0.881s]   /opt/ros/foxy/share/ament_cmake_core/cmake/core/ament_package_xml.cmake:49 (_ament_package_xml)
[0.881s]   /opt/ros/foxy/share/rosidl_cmake/cmake/rosidl_generate_interfaces.cmake:226 (ament_package_xml)
[0.881s]   CMakeLists.txt:52 (rosidl_generate_interfaces)
[0.881s] 
[0.881s] 
[0.882s] -- Configuring incomplete, errors occurred!
[0.883s] See also "/home/student26/fra333_ws/build/my_first_package/CMakeFiles/CMakeOutput.log".
[0.883s] See also "/home/student26/fra333_ws/build/my_first_package/CMakeFiles/CMakeError.log".
[0.891s] Invoked command in '/home/student26/fra333_ws/build/my_first_package' returned '1': /usr/bin/cmake /home/student26/fra333_ws/src/FRA333_Week2 -DCMAKE_INSTALL_PREFIX=/home/student26/fra333_ws/install/my_first_package
